// Jest Snapshot v1, https://goo.gl/fbAQLP

exports[`Should render NotFound component 1`] = `
<div>
  404 not found - 
  <Link
    replace={false}
    to="/"
  >
    Back home
  </Link>
</div>
`;
